// Jest Snapshot v1, https://goo.gl/fbAQLP

exports[`Header Component Snapshot test Renders the UI as expected 1`] = `
<header
  className="Header"
>
  <h1>
    <a
      href="/home"
      onClick={[Function]}
    >
      ID8
    </a>
  </h1>
  <div
    className="NavContainer"
  >
    <nav
      className="Nav"
    >
      <a
        aria-current={null}
        href="/home"
        onClick={[Function]}
      >
        <div>
          Home
        </div>
      </a>
      <a
        aria-current={null}
        href="/login"
        onClick={[Function]}
      >
        <div>
          Login
        </div>
      </a>
      <a
        aria-current={null}
        href="/register"
        onClick={[Function]}
      >
        <div>
          Register
        </div>
      </a>
    </nav>
  </div>
</header>
`;
