// Jest Snapshot v1, https://goo.gl/fbAQLP

exports[`PrivateRoute Component Snapshot test Renders the UI as expected 1`] = `null`;
