// Jest Snapshot v1, https://goo.gl/fbAQLP

exports[`MyIdeasPage Component Snapshot test Renders the UI as expected 1`] = `
<div
  className="MyIdeasPage"
>
  <h2
    hidden={true}
  >
    My Ideas
  </h2>
  <div
    className="buttonContainer-add-idea"
  >
    <a
      href="/add-idea"
      onClick={[Function]}
    >
      <button>
        Add Idea
      </button>
    </a>
  </div>
</div>
`;
